[backblue.gif]
[fade.gif]
[index.html]
[merolagani.com/Content/owl.carousel.min.css]
[merolagani.com/scripts/jquery/jquery-1.11.0.min.js]
[merolagani.com/scripts/jquery/jquery-ui.js]
[merolagani.com/Scripts/DataAnalytics/popper.js]
[merolagani.com/Content/DataAnalytics/bootstrap/js/bootstrap.min.js]
[merolagani.com/Content/images/brand-logo.png]
[merolagani.com/Content/images/main-logo.jpg]
[merolagani.com/Content/images/foot-logo.png]
[merolagani.com/Content/images/podamibe-foot.png]
[merolagani.com/scripts/jquery.signalR-1.1.4.min.js]
[merolagani.com/Scripts/owl.carousel.min.js]
[merolagani.com/Scripts/jquery.cookie.min.js]
[www.google-analytics.com/analytics.js]
[merolagani.com/Financial/Default.html]
[merolagani.com/Content/bootstrap-multiselect.css]
[merolagani.com/Content/owl.carousel.min.css]
[merolagani.com/Financial/default-2.html]
[merolagani.com/Financial/FinancialSummarycab0.html]
[merolagani.com/Financial/FinancialSummary46df.html]
[merolagani.com/Financial/FinancialSummarya7a5.html]
[merolagani.com/Financial/FinancialSummaryfd36.html]
[merolagani.com/Financial/FinancialAnalysis.html]
[merolagani.com/Financial/BalanceSheetAnalysis.html]
[merolagani.com/Financial/PLAnalysis.html]
[merolagani.com/scripts/admin/tags-1.0.0.js]
[merolagani.com/Financial/GrowthChart.html]
[merolagani.com/scripts/jquery/sortable.js]
[merolagani.com/Scripts/DataAnalytics/StockScreener.js]
[merolagani.com/Scripts/StockEvent.js]
[merolagani.com/Financial/Screening.html]
[merolagani.com/Financial/AdvancedScreening.html]
[merolagani.com/Financial/Sensitivity.html]
[merolagani.com/Scripts/DataAnalytics/Comparision.js]
[merolagani.com/Financial/Comparision.html]
[merolagani.com/Financial/IntrinsicValuation2948.html]
[merolagani.com/Financial/IntrinsicValuation0815.html]
[code.jquery.com/jquery-3.3.1.min.js]
[merolagani.com/Financial/AdvancedChart.html]
[merolagani.com/Financial/TechnicalAnalysis28c9.html]
[merolagani.com/Financial/TechnicalAnalysis75e2.html]
[merolagani.com/Financial/TechnicalAnalysis79d8.html]
[merolagani.com/Financial/TechnicalAnalysis5642.html]
[merolagani.com/Financial/TechnicalAnalysis784a.html]
[merolagani.com/Financial/TechnicalAnalysis9025.html]
[merolagani.com/Financial/FinancialSummary79fe.html]
[merolagani.com/Financial/TopBrokersTopBuySell0928.html]
[merolagani.com/Financial/TopBrokersTopBuySellb680.html]
[merolagani.com/Financial/MostPopularBuySellc89c.html]
[merolagani.com/Financial/MostPopularBuySellb910.html]
[merolagani.com/Financial/BrokerAnalysis.html]
[merolagani.com/Financial/StockPopularity.html]
[merolagani.com/Financial/TopStockHoldingBrokers.html]
[cdnjs.cloudflare.com/ajax/libs/select2/4.0.7/css/select2.min.css]
[merolagani.com/Financial/publishnav.html]
[merolagani.com/Financial/todaynav.html]
[merolagani.com/Financial/MFBuyList.html]
[merolagani.com/Financial/MFSellList.html]
[merolagani.com/Financial/MFScreening.html]
[merolagani.com/Financial/StockHoldings.html]
[merolagani.com/Financial/AnalyticsTodayEvents.html]
[merolagani.com/Financial/AnalyticsAnnouncement.html]
[cdnjs.cloudflare.com/ajax/libs/select2/4.0.7/js/select2.min.js]
[images.merolagani.com/Uploads/Repository/637205840814167983.jpg]
[images.merolagani.com/Uploads/Repository/637089047490841656.jpg]
[images.merolagani.com/Uploads/Repository/637267181830597889.jpg]
[images.merolagani.com/Uploads/Repository/636705526056760673.jpg]
[images.merolagani.com/Uploads/Repository/637246105064246212.jpg]
[images.merolagani.com/Uploads/Repository/636859308449266634.jpg]
[merolagani.com/Financial/AnalyticsNewsList.html]
[merolagani.com/Financial/AnalyticsAGMDividendRight.html]
[merolagani.com/Financial/FAQ.html]
[merolagani.com/Financial/DataAnalyticsDisclaimer.html]
[merolagani.com/Content/owl.video.play.html]
[merolagani.com/Financial/amcharts/export.css]
[merolagani.com/Content/images/bg.gif]
[merolagani.com/Content/images/desc.gif]
[merolagani.com/Content/images/asc.gif]
[merolagani.com/Content/sortable.css]
[cdnjs.cloudflare.com/ajax/libs/select2/4.0.7/css/select2.min.css]
